// Jest Snapshot v1, https://goo.gl/fbAQLP

exports[`COMPONENT: <App /> should match component's propTypes snapshot 1`] = `
Object {
  "classes": [Function],
}
`;

exports[`COMPONENT: <App /> should match component's snapshot 1`] = `
<div>
  <section
    className="App-appHeaderSection"
  >
    <Jss(AppHeader) />
  </section>
  <section
    className="App-filterSection"
    id="filterSection"
  >
    <Jss(Filter)
      className="App-filter"
    />
  </section>
  <section
    className="App-productCardListSection"
  >
    <Connect(ProductCardListContainer)
      className="App-productCardList"
    />
  </section>
</div>
`;

exports[`COMPONENT: <App /> should match component's style snapshot 1`] = `
Object {
  "@global .sticky + section": Object {
    "marginTop": 115,
  },
  "appHeaderSection": Object {
    "margin": "34px 0",
  },
  "filter": Object {
    "width": 900,
  },
  "filterSection": Object {
    "&.sticky": Object {
      "boxShadow": "0px 1px 2px rgba(0,0,0,0.2)",
      "position": "fixed",
      "top": 0,
      "width": "100%",
    },
    "alignItems": "center",
    "backgroundColor": "white",
    "display": "flex",
    "justifyContent": "center",
    "zIndex": 1,
  },
  "productCardList": Object {
    "width": 930,
  },
  "productCardListSection": Object {
    "alignItems": "center",
    "display": "flex",
    "justifyContent": "center",
  },
}
`;
